<!DOCTYPE html>
<html lang="en">
<head>
    <meta charset="UTF-8">
    <meta name="viewport" content="width=device-width, initial-scale=1.0">
    <link rel="stylesheet" href="css/style.css">
    <link rel="preconnect" href="https://fonts.gstatic.com">
    <link href="https://fonts.googleapis.com/css2?family=Montserrat:wght@300;400;700&display=swap" rel="stylesheet">
    <link rel="preconnect" href="https://fonts.gstatic.com">
    <link href="https://fonts.googleapis.com/css2?family=Roboto+Slab:wght@300;400;700&display=swap" rel="stylesheet">
    <link rel="stylesheet" href="https://use.fontawesome.com/releases/v5.7.2/css/all.css" integrity="sha384-fnmOCqbTlWIlj8LyTjo7mOUStjsKC4pOpQbqyi7RrhN7udi9RwhKkMHpvLbHG9Sr" crossorigin="anonymous">
    <title>Document</title>
</head>
<body>
  <header id="home" class="header">
    <div class="container">
      <div class="header__inner">
        <a class="logo" href="">Golden</a> 
        <nav class="nav">
          <ul class="nav__items">
            <li class="nav__item"><a class="nav__link "href="#home">Home</a></li>
            <li class="nav__item"><a class="nav__link "href="#serv">Services</a></li>
            <li class="nav__item"><a class="nav__link "href="#portf">Portfolio</a></li>
            <li class="nav__item"><a class="nav__link "href="#about">About</a></li>
            <li class="nav__item"><a class="nav__link "href="#cont">Contact</a></li>
          </ul>
        </nav>
        <div class="nav__btn">
          <span class="menu__line"></span>
          <span class="menu__line"></span>
          <span class="menu__line"></span>
        </div>
      </div>
      <div class="header__intro">
        <div class="intro__inner">
          <h2 class="intro__subtitle">Welcome To Our Studio</h2>
          <h1 class="intro__title">It's nice to meet you</h1>
          <a class="btn"href="#">Tell me more</a>
        </div>
      </div>
    </div>
  </header>
  <section id="serv"class="section--services">
    <div class="container">
      <div class="section__header">
        <h1 class="section__title">Services</h1>
        <h2 class="section__subtitle">Proin iaculis purus consequat sem cure. </h2>
      </div>
      <div class="services">
        <div class="services__items">
          <div class="services__item">
            <div class="services__img">
              <i class="fas fa-shopping-basket"></i>
            </div>
            <h2 class="services__title">E-Commerce</h2>
            <p class="services__text">Proin iaculis purus consequat sem cure 
              digni ssim. Donec porttitora entum suscipit 
              aenean rhoncus posuere odio in tincidunt.</p>
          </div>
          <div class="services__item">
            <div class="services__img">
              <i class="fas fa-laptop-medical"></i>
            </div>
            <h2 class="services__title">Responsive Web</h2>
            <p class="services__text">Proin iaculis purus consequat sem cure 
              digni ssim. Donec porttitora entum suscipit 
              aenean rhoncus posuere odio in tincidunt.</p>
          </div>
          <div class="services__item">
            <div class="services__img">
              <i class="fas fa-lock"></i>
            </div>
            <h2 class="services__title">Web Security</h2>
            <p class="services__text">Proin iaculis purus consequat sem cure 
              digni ssim. Donec porttitora entum suscipit 
              aenean rhoncus posuere odio in tincidunt.</p>
          </div>
        </div>
      </div>  
    </div>
  </section>
  <section id="portf"class="section--portfolio">
    <div class="container">
      <div class="section__header">
        <h1 class="section__title">Our Portfolio</h1>
        <h2 class="section__subtitle">Proin iaculis purus consequat sem cure. </h2>
      </div>
      <div class="portfolio">
        <div class="portfolio__items">
            <div class="portfolio__item">
              <div class="portfolio__img">
                <img src="img/Ebony&Ivory.png" alt="">
              </div>
              <div class="portfolio__content">
                <h3 class="portfolio__title">Ebony&Ivory</h3>
                <p class="portfolio__text">Branding</p>
              </div>
            </div>
            <div class="portfolio__item">
              <div class="portfolio__img">
                <img src="img/Smart.png" alt="">
              </div>
              <div class="portfolio__content">
                <h3 class="portfolio__title">Smart Stationary</h3>
                <p class="portfolio__text">Print Design</p>
              </div>
            </div>
            <div class="portfolio__item">
              <div class="portfolio__img">
                <img src="img/Clever_Poster.png" alt="">
              </div>
              <div class="portfolio__content">
                <h3 class="portfolio__title">Clever Poster</h3>
                <p class="portfolio__text">Print Design</p>
              </div>
            </div>
            <div class="portfolio__item">
              <div class="portfolio__img">
                <img src="img/Vinyl.png" alt="">
              </div>
              <div class="portfolio__content">
                <h3 class="portfolio__title">Vinyl Record</h3>
                <p class="portfolio__text">Product Mock-Up</p>
              </div>
            </div>
            <div class="portfolio__item">
              <div class="portfolio__img">
                <img src="img/Treehouse.png" alt="">
              </div>
              <div class="portfolio__content">
                <h3 class="portfolio__title">Treehouse Template</h3>
                <p class="portfolio__text">Web Design</p>
              </div>
            </div>
            <div class="portfolio__item">
              <div class="portfolio__img">
                <img src="img/Burned.png" alt="">
              </div>
              <div class="portfolio__content">
                <h3 class="portfolio__title">Burned Logo</h3>
                <p class="portfolio__text">Branding</p>
              </div>
            </div>
        </div>    
      </div>
    </div>
  </section>
  <section id="about"class="section--about">
    <div class="container">
      <div class="section__header">
        <h1 class="section__title">About Us</h1>
        <h2 class="section__subtitle">Proin iaculis purus consequat sem cure. </h2>
      </div>
      <div class="about__items">
        <div class="about__item">
          <div class="about__content">
            <p class="about__date">July 2010</p>
            <p class="about__title">Our Humble Beginnings</p>
            <p class="about__text">Proin iaculis purus consequat sem cure 
              digni ssim. Donec porttitora entum suscipit 
              aenean rhoncus posuere odio in tincidunt. Proin 
              iaculis purus consequat sem cure digni 
              ssim. Donec porttitora entum suscipit.</p>
          </div>
          <div class="about__img">
            <img src="img/about_1.png" alt="">
          </div>
        </div>
        <div class="about__item">
          <div class="about__img">
            <img src="img/about_2.png" alt="">
          </div>
          <div class="about__content">
            <p class="about__date">January 2011</p>
            <p class="about__title">Facing Startup Battles</p>
            <p class="about__text">Proin iaculis purus consequat sem cure 
              digni ssim. Donec porttitora entum suscipit 
              aenean rhoncus posuere odio in tincidunt. Proin 
              iaculis purus consequat sem cure digni 
              ssim. Donec porttitora entum suscipit aenean 
              rhoncus posuere odio in tincidunt.</p>
          </div>
        </div>
        <div class="about__item">
          <div class="about__content">
            <p class="about__date">December 2012</p>
            <p class="about__title">Enter The Dark Days</p>
            <p class="about__text">Proin iaculis purus consequat sem cure 
              digni ssim. Donec porttitora entum suscipit 
              aenean rhoncus posuere odio in tincidunt. Proin 
              iaculis purus consequat sem cure digni.</p>
          </div>
          <div class="about__img">
            <img src="img/about_3.png" alt="">
          </div>
        </div>
        <div class="about__item">
          <div class="about__img">
            <img src="img/about_4.png" alt="">
          </div>
          <div class="about__content">
            <p class="about__date">February 2014</p>
            <p class="about__title">Our Trumph</p>
            <p class="about__text">Proin iaculis purus consequat sem cure 
              digni ssim. Donec porttitora entum suscipit 
              aenean rhoncus posuere odio in tincidunt. Proin 
              iaculis purus consequat sem cure digni 
              ssim. Donec porttitora entum suscipit aenean.</p>
          </div>
        </div>
        <div class="about__item">
          <div class="about__img">
            <p>Our<br> Story<br>Continues<br>...</p> 
          </div>
        </div>
      </div>
    </div>
  </section>
  <section class="section--team">
    <div class="container">
      <div class="section__header">
        <h1 class="section__title">Our Amazing Team</h1>
        <h2 class="section__subtitle">Proin iaculis purus consequat sem cure. </h2>
      </div>
      <div class="team__items">
        <div class="team__item">
          <div class="team__img">
            <img src="img/team/1.png" alt="">
          </div>
          <div class="team__content">
            <p class="team__title">Kimberly Thompson</p>
            <p class="team__text">Marketer</p>
            <div class="team__networks">
              <a href="#" class="team__link link__twitter"><i class="fab fa-twitter"></i></a>
              <a href="#" class="team__link link__facebook"><i class="fab fa-facebook-f"></i></a>
              <a href="#" class="team__link link__pinterest"><i class="fab fa-pinterest-p"></i></a>
            </div>
          </div>
        </div>
        <div class="team__item">
          <div class="team__img">
            <img src="img/team/2.png" alt="">
          </div>
          <div class="team__content">
            <p class="team__title">Rico Massimo</p>
            <p class="team__text">Coder</p>
            <div class="team__networks">
              <a href="#" class="team__link link__twitter"><i class="fab fa-twitter"></i></a>
              <a href="#" class="team__link link__facebook"><i class="fab fa-facebook-f"></i></a>
              <a href="#" class="team__link link__google"><i class="fab fa-google-plus-g"></i></a>
            </div>
          </div>
        </div>
        <div class="team__item">
          <div class="team__img">
            <img src="img/team/3.png" alt="">
          </div>
          <div class="team__content">
            <p class="team__title">Uku Masson</p>
            <p class="team__text">Graphic Designer</p>
            <div class="team__networks">
              <a href="#" class="team__link link__facebook"><i class="fab fa-facebook-f"></i></a>
              <a href="#" class="team__link link__pinterest"><i class="fab fa-pinterest-p"></i></a>
            </div>
          </div>
        </div>
      </div>
      <p class="team__info">Proin iaculis purus consequat sem cure 
        digni ssim. Donec porttitora entum suscipit 
        aenean rhoncus posuere odio in tincidunt. Proin 
        iaculis purus consequat sem cure digni 
        ssim. Donec porttitora entum suscipit.</p>
    </div>
  </section>
  <section class="section--logos">
    <div class="container">
      <div class="logos__items">
        <a href="#"><img src="img/logos/Envato.png" alt=""></a>
        <a href="#"><img src="img/logos/WordPress.png" alt=""></a>
        <a href="#"><img src="img/logos/Tuts+.png" alt=""></a>
        <a href="#"><img src="img/logos/Microlancer-copy.png" alt=""></a>
    </div>   
  </section>
  <section id="cont"class="section--contacts">
    <div class="container">
      <div class="section__header">
        <h1 class="section__title">Contact Us</h1>
        <h2 class="section__subtitle">Proin iaculis purus consequat sem cure. </h2>
      </div>
      <form class="contacts__form">
        <div class="contacts__inputs">
          <input type="text" placeholder="Your name*">
          <input type="email" name="email" placeholder="Your e-mail*" size="20">
          <input type="text" placeholder="Subject">
        </div>
        <div class="contacts__textarea">
          <textarea placeholder="Write Message*"></textarea>
        </div>
      </form>
      <a href="#" class="btn">Send message</a>
  </section>
  <footer class="footer">
    <div class="container">
      <div class="footer__items">
        <a href="#" class="footer__copywrite">© Copyright 2014 FreebiesXpress.com</a>
        <div class="footer__links">
          <a href="#" class="footer__link"><i class="fab fa-twitter"></i></a>
          <a href="#" class="footer__link"><i class="fab fa-facebook-f"></i></a>
          <a href="#" class="footer__link"><i class="fab fa-pinterest-p"></i></a>
          <a href="#" class="footer__link"><i class="fab fa-google-plus-g"></i></a>
        </div>
      </div>  
    </div>
  </footer>
  <script>
    let menuBtn = document.querySelector('.nav__btn');
    let menu = document.querySelector('.nav');
    menuBtn.addEventListener('click', function(){
      menuBtn.classList.toggle('active');
      menu.classList.toggle('active');
    })
  </script>  
</body>
</html>